// Jest Snapshot v1, https://goo.gl/fbAQLP

exports[`matches Snapshot 1`] = `
<View
  style={
    Object {
      "backgroundColor": "#1b2838",
      "flex": 1,
      "height": "100%",
    }
  }
>
  <RCTSafeAreaView
    emulateUnlessSupported={true}
    style={
      Object {
        "flex": 1,
      }
    }
  />
  <View
    style={
      Object {
        "height": "100%",
        "marginTop": 40,
      }
    }
  >
    <View
      style={
        Object {
          "flex": 1,
          "marginBottom": 20,
        }
      }
    >
      <View
        style={
          Array [
            Object {
              "backgroundColor": "#5A5A5A",
              "borderRadius": 5,
              "borderWidth": 2,
              "flexDirection": "row",
              "marginHorizontal": 30,
              "marginVertical": 10,
              "opacity": 0.7,
            },
            false,
          ]
        }
      >
        <TextInput
          allowFontScaling={true}
          clearButtonMode="never"
          onBlur={[Function]}
          onChangeText={[Function]}
          onFocus={[Function]}
          onSubmitEditing={[Function]}
          placeholder="Enter Text"
          rejectResponderTermination={true}
          style={
            Object {
              "color": "white",
              "flex": 8,
              "fontSize": 30,
              "padding": 5,
              "textAlign": "center",
              "textDecorationLine": "underline",
            }
          }
          underlineColorAndroid="transparent"
          value=""
        />
        <View
          accessible={true}
          focusable={true}
          onClick={[Function]}
          onResponderGrant={[Function]}
          onResponderMove={[Function]}
          onResponderRelease={[Function]}
          onResponderTerminate={[Function]}
          onResponderTerminationRequest={[Function]}
          onStartShouldSetResponder={[Function]}
          style={
            Object {
              "opacity": 1,
            }
          }
        >
          <View
            style={
              Object {
                "flex": 1,
                "justifyContent": "center",
                "paddingHorizontal": 10,
              }
            }
          >
            <Text
              style={
                Object {
                  "fontSize": 25,
                }
              }
            >
              X
            </Text>
          </View>
        </View>
      </View>
      <View
        style={
          Array [
            Object {
              "borderRadius": 5,
              "borderWidth": 2,
              "fontSize": 50,
              "marginHorizontal": 30,
            },
            Object {
              "opacity": 0.6,
            },
            Object {
              "backgroundColor": "green",
            },
          ]
        }
      >
        <View
          style={
            Object {
              "backgroundColor": "rgba(0, 0, 0, 0)",
            }
          }
        >
          <View
            accessible={true}
            focusable={true}
            onClick={[Function]}
            onResponderGrant={[Function]}
            onResponderMove={[Function]}
            onResponderRelease={[Function]}
            onResponderTerminate={[Function]}
            onResponderTerminationRequest={[Function]}
            onStartShouldSetResponder={[Function]}
            style={
              Object {
                "opacity": 1,
              }
            }
          >
            <Text
              style={
                Array [
                  Object {
                    "color": "white",
                    "fontSize": 20,
                    "height": 60,
                    "textAlign": "center",
                    "textAlignVertical": "center",
                  },
                ]
              }
            >
              Add Item
            </Text>
          </View>
        </View>
      </View>
    </View>
    <View
      style={
        Object {
          "flex": 4,
          "paddingBottom": 80,
          "paddingTop": 20,
        }
      }
    >
      <RCTScrollView
        contentInsetAdjustmentBehavior="automatic"
        style={
          Object {
            "marginHorizontal": 30,
          }
        }
      >
        <View />
      </RCTScrollView>
    </View>
  </View>
</View>
`;
